
========== API TEST RESULTS ==========
Status: 200
Success: true

--- Document Info ---
File: test_predatory_contract.txt
Characters: 2256

--- Analysis Summary ---
Risk Score: 100 / 100
Risk Level: DANGEROUS
Total Clauses: 8
Risky Clauses Found: 5
Breakdown: {"CRITICAL":1,"HIGH":3,"MEDIUM":0,"LOW":1}

--- Risky Clauses ---

[1] non_compete_section27
    Risk: CRITICAL (40 pts)
    Law: Section 27
    Applies To: Freelancers, Agencies, Startups
    Business Risk: Investor Red Flag
    Keywords: non-compete, shall not compete, restraint of trade
    Explanation: This clause tries to prevent you from working with competitors or taking similar freelance projects....

[2] blanket_ip_transfer
    Risk: HIGH (25 pts)
    Law: Section 10
    Applies To: Freelancers, Agencies
    Business Risk: IP Ownership Risk
    Keywords: all intellectual property, IP rights
    Explanation: This clause may be risky. Review carefully....

[3] unlimited_liability_section73
    Risk: HIGH (25 pts)
    Law: Section 73
    Applies To: Freelancers, Startups
    Business Risk: Financial Risk
    Keywords: unlimited liability, all damages, consequential damages, indirect damages, loss of profits, without limitation
    Explanation: This clause makes you liable for all damages without any upper limit....

[4] vague_scope
    Risk: LOW (5 pts)
    Law: Section 10
    Applies To: Freelancers, Agencies
    Business Risk: Scope Creep Risk
    Keywords: as required, additional work
    Explanation: This clause may be risky. Review carefully....

[5] excessive_penalty_section74
    Risk: HIGH (20 pts)
    Law: Section 74
    Applies To: Freelancers, Agencies
    Business Risk: Financial Risk
    Keywords: shall pay, penalty equal to
    Explanation: This clause imposes a very high penalty for breach of contract....

--- Deviations from Fair Contract ---
[1] Payment Terms: EXTREME
[2] Liability Cap: EXTREME
[3] Jurisdiction: SIGNIFICANT

[Full JSON saved to test-results.json]

======================================
